2026-05-29 13:55:01: D:\Projects\ensana-sprava-akci\node_modules\.bin\next:2
2026-05-29 13:55:01: basedir=$(dirname "$(echo "$0" | sed -e 's,\\,/,g')")
2026-05-29 13:55:01:           ^^^^^^^
2026-05-29 13:55:01: 
2026-05-29 13:55:01: SyntaxError: missing ) after argument list
2026-05-29 13:55:01:     at wrapSafe (node:internal/modules/cjs/loader:1638:18)
2026-05-29 13:55:01:     at Module._compile (node:internal/modules/cjs/loader:1680:20)
2026-05-29 13:55:01:     at Object..js (node:internal/modules/cjs/loader:1839:10)
2026-05-29 13:55:01:     at Module.load (node:internal/modules/cjs/loader:1441:32)
2026-05-29 13:55:01:     at Function._load (node:internal/modules/cjs/loader:1263:12)
2026-05-29 13:55:01:     at TracingChannel.traceSync (node:diagnostics_channel:328:14)
2026-05-29 13:55:01:     at wrapModuleLoad (node:internal/modules/cjs/loader:237:24)
2026-05-29 13:55:01:     at Function.executeUserEntryPoint [as runMain] (node:internal/modules/run_main:171:5)
2026-05-29 13:55:01:     at node:internal/main/run_main_module:36:49
2026-05-29 13:55:01: 
2026-05-29 13:55:01: Node.js v22.22.0
2026-05-29 13:55:01: D:\Projects\ensana-sprava-akci\node_modules\.bin\next:2
2026-05-29 13:55:01: basedir=$(dirname "$(echo "$0" | sed -e 's,\\,/,g')")
2026-05-29 13:55:01:           ^^^^^^^
2026-05-29 13:55:01: 
2026-05-29 13:55:01: SyntaxError: missing ) after argument list
2026-05-29 13:55:01:     at wrapSafe (node:internal/modules/cjs/loader:1638:18)
2026-05-29 13:55:01:     at Module._compile (node:internal/modules/cjs/loader:1680:20)
2026-05-29 13:55:01:     at Object..js (node:internal/modules/cjs/loader:1839:10)
2026-05-29 13:55:01:     at Module.load (node:internal/modules/cjs/loader:1441:32)
2026-05-29 13:55:01:     at Function._load (node:internal/modules/cjs/loader:1263:12)
2026-05-29 13:55:01:     at TracingChannel.traceSync (node:diagnostics_channel:328:14)
2026-05-29 13:55:01:     at wrapModuleLoad (node:internal/modules/cjs/loader:237:24)
2026-05-29 13:55:01:     at Function.executeUserEntryPoint [as runMain] (node:internal/modules/run_main:171:5)
2026-05-29 13:55:01:     at node:internal/main/run_main_module:36:49
2026-05-29 13:55:01: 
2026-05-29 13:55:01: Node.js v22.22.0
2026-05-29 13:55:01: D:\Projects\ensana-sprava-akci\node_modules\.bin\next:2
2026-05-29 13:55:01: basedir=$(dirname "$(echo "$0" | sed -e 's,\\,/,g')")
2026-05-29 13:55:01:           ^^^^^^^
2026-05-29 13:55:01: 
2026-05-29 13:55:01: SyntaxError: missing ) after argument list
2026-05-29 13:55:01:     at wrapSafe (node:internal/modules/cjs/loader:1638:18)
2026-05-29 13:55:01:     at Module._compile (node:internal/modules/cjs/loader:1680:20)
2026-05-29 13:55:01:     at Object..js (node:internal/modules/cjs/loader:1839:10)
2026-05-29 13:55:01:     at Module.load (node:internal/modules/cjs/loader:1441:32)
2026-05-29 13:55:01:     at Function._load (node:internal/modules/cjs/loader:1263:12)
2026-05-29 13:55:01:     at TracingChannel.traceSync (node:diagnostics_channel:328:14)
2026-05-29 13:55:01:     at wrapModuleLoad (node:internal/modules/cjs/loader:237:24)
2026-05-29 13:55:01:     at Function.executeUserEntryPoint [as runMain] (node:internal/modules/run_main:171:5)
2026-05-29 13:55:01:     at node:internal/main/run_main_module:36:49
2026-05-29 13:55:01: 
2026-05-29 13:55:01: Node.js v22.22.0
2026-05-29 13:55:01: D:\Projects\ensana-sprava-akci\node_modules\.bin\next:2
2026-05-29 13:55:01: basedir=$(dirname "$(echo "$0" | sed -e 's,\\,/,g')")
2026-05-29 13:55:01:           ^^^^^^^
2026-05-29 13:55:01: 
2026-05-29 13:55:01: SyntaxError: missing ) after argument list
2026-05-29 13:55:01:     at wrapSafe (node:internal/modules/cjs/loader:1638:18)
2026-05-29 13:55:01:     at Module._compile (node:internal/modules/cjs/loader:1680:20)
2026-05-29 13:55:01:     at Object..js (node:internal/modules/cjs/loader:1839:10)
2026-05-29 13:55:01:     at Module.load (node:internal/modules/cjs/loader:1441:32)
2026-05-29 13:55:01:     at Function._load (node:internal/modules/cjs/loader:1263:12)
2026-05-29 13:55:01:     at TracingChannel.traceSync (node:diagnostics_channel:328:14)
2026-05-29 13:55:01:     at wrapModuleLoad (node:internal/modules/cjs/loader:237:24)
2026-05-29 13:55:01:     at Function.executeUserEntryPoint [as runMain] (node:internal/modules/run_main:171:5)
2026-05-29 13:55:01:     at node:internal/main/run_main_module:36:49
2026-05-29 13:55:01: 
2026-05-29 13:55:01: Node.js v22.22.0
2026-05-29 13:55:02: D:\Projects\ensana-sprava-akci\node_modules\.bin\next:2
2026-05-29 13:55:02: basedir=$(dirname "$(echo "$0" | sed -e 's,\\,/,g')")
2026-05-29 13:55:02:           ^^^^^^^
2026-05-29 13:55:02: 
2026-05-29 13:55:02: SyntaxError: missing ) after argument list
2026-05-29 13:55:02:     at wrapSafe (node:internal/modules/cjs/loader:1638:18)
2026-05-29 13:55:02:     at Module._compile (node:internal/modules/cjs/loader:1680:20)
2026-05-29 13:55:02:     at Object..js (node:internal/modules/cjs/loader:1839:10)
2026-05-29 13:55:02:     at Module.load (node:internal/modules/cjs/loader:1441:32)
2026-05-29 13:55:02:     at Function._load (node:internal/modules/cjs/loader:1263:12)
2026-05-29 13:55:02:     at TracingChannel.traceSync (node:diagnostics_channel:328:14)
2026-05-29 13:55:02:     at wrapModuleLoad (node:internal/modules/cjs/loader:237:24)
2026-05-29 13:55:02:     at Function.executeUserEntryPoint [as runMain] (node:internal/modules/run_main:171:5)
2026-05-29 13:55:02:     at node:internal/main/run_main_module:36:49
2026-05-29 13:55:02: 
2026-05-29 13:55:02: Node.js v22.22.0
2026-05-29 13:55:02: D:\Projects\ensana-sprava-akci\node_modules\.bin\next:2
2026-05-29 13:55:02: basedir=$(dirname "$(echo "$0" | sed -e 's,\\,/,g')")
2026-05-29 13:55:02:           ^^^^^^^
2026-05-29 13:55:02: 
2026-05-29 13:55:02: SyntaxError: missing ) after argument list
2026-05-29 13:55:02:     at wrapSafe (node:internal/modules/cjs/loader:1638:18)
2026-05-29 13:55:02:     at Module._compile (node:internal/modules/cjs/loader:1680:20)
2026-05-29 13:55:02:     at Object..js (node:internal/modules/cjs/loader:1839:10)
2026-05-29 13:55:02:     at Module.load (node:internal/modules/cjs/loader:1441:32)
2026-05-29 13:55:02:     at Function._load (node:internal/modules/cjs/loader:1263:12)
2026-05-29 13:55:02:     at TracingChannel.traceSync (node:diagnostics_channel:328:14)
2026-05-29 13:55:02:     at wrapModuleLoad (node:internal/modules/cjs/loader:237:24)
2026-05-29 13:55:02:     at Function.executeUserEntryPoint [as runMain] (node:internal/modules/run_main:171:5)
2026-05-29 13:55:02:     at node:internal/main/run_main_module:36:49
2026-05-29 13:55:02: 
2026-05-29 13:55:02: Node.js v22.22.0
2026-05-29 13:55:02: D:\Projects\ensana-sprava-akci\node_modules\.bin\next:2
2026-05-29 13:55:02: basedir=$(dirname "$(echo "$0" | sed -e 's,\\,/,g')")
2026-05-29 13:55:02:           ^^^^^^^
2026-05-29 13:55:02: 
2026-05-29 13:55:02: SyntaxError: missing ) after argument list
2026-05-29 13:55:02:     at wrapSafe (node:internal/modules/cjs/loader:1638:18)
2026-05-29 13:55:02:     at Module._compile (node:internal/modules/cjs/loader:1680:20)
2026-05-29 13:55:02:     at Object..js (node:internal/modules/cjs/loader:1839:10)
2026-05-29 13:55:02:     at Module.load (node:internal/modules/cjs/loader:1441:32)
2026-05-29 13:55:02:     at Function._load (node:internal/modules/cjs/loader:1263:12)
2026-05-29 13:55:02:     at TracingChannel.traceSync (node:diagnostics_channel:328:14)
2026-05-29 13:55:02:     at wrapModuleLoad (node:internal/modules/cjs/loader:237:24)
2026-05-29 13:55:02:     at Function.executeUserEntryPoint [as runMain] (node:internal/modules/run_main:171:5)
2026-05-29 13:55:02:     at node:internal/main/run_main_module:36:49
2026-05-29 13:55:02: 
2026-05-29 13:55:02: Node.js v22.22.0
2026-05-29 13:55:02: D:\Projects\ensana-sprava-akci\node_modules\.bin\next:2
2026-05-29 13:55:02: basedir=$(dirname "$(echo "$0" | sed -e 's,\\,/,g')")
2026-05-29 13:55:02:           ^^^^^^^
2026-05-29 13:55:02: 
2026-05-29 13:55:02: SyntaxError: missing ) after argument list
2026-05-29 13:55:02:     at wrapSafe (node:internal/modules/cjs/loader:1638:18)
2026-05-29 13:55:02:     at Module._compile (node:internal/modules/cjs/loader:1680:20)
2026-05-29 13:55:02:     at Object..js (node:internal/modules/cjs/loader:1839:10)
2026-05-29 13:55:02:     at Module.load (node:internal/modules/cjs/loader:1441:32)
2026-05-29 13:55:02:     at Function._load (node:internal/modules/cjs/loader:1263:12)
2026-05-29 13:55:02:     at TracingChannel.traceSync (node:diagnostics_channel:328:14)
2026-05-29 13:55:02:     at wrapModuleLoad (node:internal/modules/cjs/loader:237:24)
2026-05-29 13:55:02:     at Function.executeUserEntryPoint [as runMain] (node:internal/modules/run_main:171:5)
2026-05-29 13:55:02:     at node:internal/main/run_main_module:36:49
2026-05-29 13:55:02: 
2026-05-29 13:55:02: Node.js v22.22.0
2026-05-29 13:55:02: D:\Projects\ensana-sprava-akci\node_modules\.bin\next:2
2026-05-29 13:55:02: basedir=$(dirname "$(echo "$0" | sed -e 's,\\,/,g')")
2026-05-29 13:55:02:           ^^^^^^^
2026-05-29 13:55:02: 
2026-05-29 13:55:02: SyntaxError: missing ) after argument list
2026-05-29 13:55:02:     at wrapSafe (node:internal/modules/cjs/loader:1638:18)
2026-05-29 13:55:02:     at Module._compile (node:internal/modules/cjs/loader:1680:20)
2026-05-29 13:55:02:     at Object..js (node:internal/modules/cjs/loader:1839:10)
2026-05-29 13:55:02:     at Module.load (node:internal/modules/cjs/loader:1441:32)
2026-05-29 13:55:02:     at Function._load (node:internal/modules/cjs/loader:1263:12)
2026-05-29 13:55:02:     at TracingChannel.traceSync (node:diagnostics_channel:328:14)
2026-05-29 13:55:02:     at wrapModuleLoad (node:internal/modules/cjs/loader:237:24)
2026-05-29 13:55:02:     at Function.executeUserEntryPoint [as runMain] (node:internal/modules/run_main:171:5)
2026-05-29 13:55:02:     at node:internal/main/run_main_module:36:49
2026-05-29 13:55:02: 
2026-05-29 13:55:02: Node.js v22.22.0
2026-05-29 13:55:02: D:\Projects\ensana-sprava-akci\node_modules\.bin\next:2
2026-05-29 13:55:02: basedir=$(dirname "$(echo "$0" | sed -e 's,\\,/,g')")
2026-05-29 13:55:02:           ^^^^^^^
2026-05-29 13:55:02: 
2026-05-29 13:55:02: SyntaxError: missing ) after argument list
2026-05-29 13:55:02:     at wrapSafe (node:internal/modules/cjs/loader:1638:18)
2026-05-29 13:55:02:     at Module._compile (node:internal/modules/cjs/loader:1680:20)
2026-05-29 13:55:02:     at Object..js (node:internal/modules/cjs/loader:1839:10)
2026-05-29 13:55:02:     at Module.load (node:internal/modules/cjs/loader:1441:32)
2026-05-29 13:55:02:     at Function._load (node:internal/modules/cjs/loader:1263:12)
2026-05-29 13:55:02:     at TracingChannel.traceSync (node:diagnostics_channel:328:14)
2026-05-29 13:55:02:     at wrapModuleLoad (node:internal/modules/cjs/loader:237:24)
2026-05-29 13:55:02:     at Function.executeUserEntryPoint [as runMain] (node:internal/modules/run_main:171:5)
2026-05-29 13:55:02:     at node:internal/main/run_main_module:36:49
2026-05-29 13:55:02: 
2026-05-29 13:55:02: Node.js v22.22.0
2026-05-29 13:55:02: D:\Projects\ensana-sprava-akci\node_modules\.bin\next:2
2026-05-29 13:55:02: basedir=$(dirname "$(echo "$0" | sed -e 's,\\,/,g')")
2026-05-29 13:55:02:           ^^^^^^^
2026-05-29 13:55:02: 
2026-05-29 13:55:02: SyntaxError: missing ) after argument list
2026-05-29 13:55:02:     at wrapSafe (node:internal/modules/cjs/loader:1638:18)
2026-05-29 13:55:02:     at Module._compile (node:internal/modules/cjs/loader:1680:20)
2026-05-29 13:55:02:     at Object..js (node:internal/modules/cjs/loader:1839:10)
2026-05-29 13:55:02:     at Module.load (node:internal/modules/cjs/loader:1441:32)
2026-05-29 13:55:02:     at Function._load (node:internal/modules/cjs/loader:1263:12)
2026-05-29 13:55:02:     at TracingChannel.traceSync (node:diagnostics_channel:328:14)
2026-05-29 13:55:02:     at wrapModuleLoad (node:internal/modules/cjs/loader:237:24)
2026-05-29 13:55:02:     at Function.executeUserEntryPoint [as runMain] (node:internal/modules/run_main:171:5)
2026-05-29 13:55:02:     at node:internal/main/run_main_module:36:49
2026-05-29 13:55:02: 
2026-05-29 13:55:02: Node.js v22.22.0
2026-05-29 13:55:02: D:\Projects\ensana-sprava-akci\node_modules\.bin\next:2
2026-05-29 13:55:02: basedir=$(dirname "$(echo "$0" | sed -e 's,\\,/,g')")
2026-05-29 13:55:02:           ^^^^^^^
2026-05-29 13:55:02: 
2026-05-29 13:55:02: SyntaxError: missing ) after argument list
2026-05-29 13:55:02:     at wrapSafe (node:internal/modules/cjs/loader:1638:18)
2026-05-29 13:55:02:     at Module._compile (node:internal/modules/cjs/loader:1680:20)
2026-05-29 13:55:02:     at Object..js (node:internal/modules/cjs/loader:1839:10)
2026-05-29 13:55:02:     at Module.load (node:internal/modules/cjs/loader:1441:32)
2026-05-29 13:55:02:     at Function._load (node:internal/modules/cjs/loader:1263:12)
2026-05-29 13:55:02:     at TracingChannel.traceSync (node:diagnostics_channel:328:14)
2026-05-29 13:55:02:     at wrapModuleLoad (node:internal/modules/cjs/loader:237:24)
2026-05-29 13:55:02:     at Function.executeUserEntryPoint [as runMain] (node:internal/modules/run_main:171:5)
2026-05-29 13:55:02:     at node:internal/main/run_main_module:36:49
2026-05-29 13:55:02: 
2026-05-29 13:55:02: Node.js v22.22.0
2026-05-29 13:55:02: D:\Projects\ensana-sprava-akci\node_modules\.bin\next:2
2026-05-29 13:55:02: basedir=$(dirname "$(echo "$0" | sed -e 's,\\,/,g')")
2026-05-29 13:55:02:           ^^^^^^^
2026-05-29 13:55:02: 
2026-05-29 13:55:02: SyntaxError: missing ) after argument list
2026-05-29 13:55:02:     at wrapSafe (node:internal/modules/cjs/loader:1638:18)
2026-05-29 13:55:02:     at Module._compile (node:internal/modules/cjs/loader:1680:20)
2026-05-29 13:55:02:     at Object..js (node:internal/modules/cjs/loader:1839:10)
2026-05-29 13:55:02:     at Module.load (node:internal/modules/cjs/loader:1441:32)
2026-05-29 13:55:02:     at Function._load (node:internal/modules/cjs/loader:1263:12)
2026-05-29 13:55:02:     at TracingChannel.traceSync (node:diagnostics_channel:328:14)
2026-05-29 13:55:02:     at wrapModuleLoad (node:internal/modules/cjs/loader:237:24)
2026-05-29 13:55:02:     at Function.executeUserEntryPoint [as runMain] (node:internal/modules/run_main:171:5)
2026-05-29 13:55:02:     at node:internal/main/run_main_module:36:49
2026-05-29 13:55:02: 
2026-05-29 13:55:02: Node.js v22.22.0
2026-05-29 13:55:02: D:\Projects\ensana-sprava-akci\node_modules\.bin\next:2
2026-05-29 13:55:02: basedir=$(dirname "$(echo "$0" | sed -e 's,\\,/,g')")
2026-05-29 13:55:02:           ^^^^^^^
2026-05-29 13:55:02: 
2026-05-29 13:55:02: SyntaxError: missing ) after argument list
2026-05-29 13:55:02:     at wrapSafe (node:internal/modules/cjs/loader:1638:18)
2026-05-29 13:55:02:     at Module._compile (node:internal/modules/cjs/loader:1680:20)
2026-05-29 13:55:02:     at Object..js (node:internal/modules/cjs/loader:1839:10)
2026-05-29 13:55:02:     at Module.load (node:internal/modules/cjs/loader:1441:32)
2026-05-29 13:55:02:     at Function._load (node:internal/modules/cjs/loader:1263:12)
2026-05-29 13:55:02:     at TracingChannel.traceSync (node:diagnostics_channel:328:14)
2026-05-29 13:55:02:     at wrapModuleLoad (node:internal/modules/cjs/loader:237:24)
2026-05-29 13:55:02:     at Function.executeUserEntryPoint [as runMain] (node:internal/modules/run_main:171:5)
2026-05-29 13:55:02:     at node:internal/main/run_main_module:36:49
2026-05-29 13:55:02: 
2026-05-29 13:55:02: Node.js v22.22.0
2026-05-29 13:55:02: D:\Projects\ensana-sprava-akci\node_modules\.bin\next:2
2026-05-29 13:55:02: basedir=$(dirname "$(echo "$0" | sed -e 's,\\,/,g')")
2026-05-29 13:55:02:           ^^^^^^^
2026-05-29 13:55:02: 
2026-05-29 13:55:02: SyntaxError: missing ) after argument list
2026-05-29 13:55:02:     at wrapSafe (node:internal/modules/cjs/loader:1638:18)
2026-05-29 13:55:02:     at Module._compile (node:internal/modules/cjs/loader:1680:20)
2026-05-29 13:55:02:     at Object..js (node:internal/modules/cjs/loader:1839:10)
2026-05-29 13:55:02:     at Module.load (node:internal/modules/cjs/loader:1441:32)
2026-05-29 13:55:02:     at Function._load (node:internal/modules/cjs/loader:1263:12)
2026-05-29 13:55:02:     at TracingChannel.traceSync (node:diagnostics_channel:328:14)
2026-05-29 13:55:02:     at wrapModuleLoad (node:internal/modules/cjs/loader:237:24)
2026-05-29 13:55:02:     at Function.executeUserEntryPoint [as runMain] (node:internal/modules/run_main:171:5)
2026-05-29 13:55:02:     at node:internal/main/run_main_module:36:49
2026-05-29 13:55:02: 
2026-05-29 13:55:02: Node.js v22.22.0
2026-05-29 13:55:02: D:\Projects\ensana-sprava-akci\node_modules\.bin\next:2
2026-05-29 13:55:02: basedir=$(dirname "$(echo "$0" | sed -e 's,\\,/,g')")
2026-05-29 13:55:02:           ^^^^^^^
2026-05-29 13:55:02: 
2026-05-29 13:55:02: SyntaxError: missing ) after argument list
2026-05-29 13:55:02:     at wrapSafe (node:internal/modules/cjs/loader:1638:18)
2026-05-29 13:55:02:     at Module._compile (node:internal/modules/cjs/loader:1680:20)
2026-05-29 13:55:02:     at Object..js (node:internal/modules/cjs/loader:1839:10)
2026-05-29 13:55:02:     at Module.load (node:internal/modules/cjs/loader:1441:32)
2026-05-29 13:55:02:     at Function._load (node:internal/modules/cjs/loader:1263:12)
2026-05-29 13:55:02:     at TracingChannel.traceSync (node:diagnostics_channel:328:14)
2026-05-29 13:55:02:     at wrapModuleLoad (node:internal/modules/cjs/loader:237:24)
2026-05-29 13:55:02:     at Function.executeUserEntryPoint [as runMain] (node:internal/modules/run_main:171:5)
2026-05-29 13:55:02:     at node:internal/main/run_main_module:36:49
2026-05-29 13:55:02: 
2026-05-29 13:55:02: Node.js v22.22.0
